{
    "10xgenomics vdj - fastqs - stub": {
        "content": [
            [
                "versions.yml:md5,41e6a626019639ed2c65f6926898c5fc"
            ]
        ],
        "meta": {
            "nf-test": "0.9.2",
            "nextflow": "25.04.3"
        },
        "timestamp": "2025-06-12T16:25:23.202221"
    },
    "10xgenomics vdj - fastq": {
        "content": [
            [
                [
                    {
                        "id": "test",
                        "single_end": false
                    },
                    "test.clones.tsv:md5,bdf3ad0dfd9b3fee124bfa80e268e534"
                ]
            ],
            [
                [
                    {
                        "id": "test",
                        "single_end": false
                    },
                    [
                        "test.alignments.vdjca:md5,9d9aea1fff4b5a95098ba369cc1e7251",
                        "test.extended.vdjca:md5,e95e9e676bdf9406a8273b964aeea37d",
                        "test.refined.vdjca:md5,a2e0929f02b4b9a9fd4cf49caa60cae4"
                    ]
                ]
            ],
            [
                [
                    {
                        "id": "test",
                        "single_end": false
                    },
                    [
                        "test.assembledCells.clns:md5,90698bdae65572bc22f3bcc3f0906686",
                        "test.contigs.clns:md5,dab59a29c7d5ad5b4a2d74bbcd00e3a6"
                    ]
                ]
            ],
            [
                "versions.yml:md5,41e6a626019639ed2c65f6926898c5fc"
            ]
        ],
        "meta": {
            "nf-test": "0.9.2",
            "nextflow": "25.04.3"
        },
        "timestamp": "2025-06-12T16:25:13.956998"
    }
}